// Jest Snapshot v1, https://goo.gl/fbAQLP

exports[`Swatch should render the value of the swatch and set it to be the background 1`] = `
<ForwardRef
  onClick={[Function]}
  onMouseDown={[Function]}
>
  <ForwardRef
    bg="bar"
  />
  <ForwardRef>
    <ForwardRef>
      foo
      :
    </ForwardRef>
    <ForwardRef>
      <em>
        bar
      </em>
    </ForwardRef>
  </ForwardRef>
</ForwardRef>
`;
