// Jest Snapshot v1, https://goo.gl/fbAQLP

exports[`Swatch should render the value of the swatch and set it to be the background 1`] = `
<Styled(button)
  onClick={[Function]}
  onMouseDown={[Function]}
>
  <Styled(div)
    bg="bar"
  />
  <Styled(div)>
    <Styled(h4)>
      foo
      :
    </Styled(h4)>
    <Styled(h4)>
      <em>
        bar
      </em>
    </Styled(h4)>
  </Styled(div)>
</Styled(button)>
`;
