// Jest Snapshot v1, https://goo.gl/fbAQLP

exports[`Viewport/SelectViewport is correctly rendered 1`] = `
<Styled(div)>
  <Styled(label)
    htmlFor="device"
  >
    Device
  </Styled(label)>
  <Styled(select)
    id="device"
    onChange={[MockFunction]}
    value="responsive"
  >
    <option
      key="responsive"
      value="responsive"
    >
      (Default) Responsive
    </option>
    <option
      key="iphone5"
      value="iphone5"
    >
      iPhone 5
    </option>
    <option
      key="iphone6"
      value="iphone6"
    >
      iPhone 6
    </option>
    <option
      key="iphone6p"
      value="iphone6p"
    >
      iPhone 6 Plus
    </option>
    <option
      key="ipad"
      value="ipad"
    >
      iPad
    </option>
    <option
      key="galaxys5"
      value="galaxys5"
    >
      Galaxy S5
    </option>
    <option
      key="nexus5x"
      value="nexus5x"
    >
      Nexus 5X
    </option>
    <option
      key="nexus6p"
      value="nexus6p"
    >
      Nexus 6P
    </option>
  </Styled(select)>
</Styled(div)>
`;
