// Jest Snapshot v1, https://goo.gl/fbAQLP

exports[`App render correctly 1`] = `
Object {
  "attributes": Object {
    "class": "rax-view",
  },
  "children": Array [
    Object {
      "attributes": Object {
        "class": "rax-view",
      },
      "children": Array [
        Object {
          "attributes": Object {
            "class": "rax-text ",
          },
          "children": Array [
            "Welcome to Rax",
          ],
          "style": Object {
            "webkitLineClamp": undefined,
          },
          "tagName": "SPAN",
        },
      ],
      "tagName": "DIV",
    },
    Object {
      "attributes": Object {
        "class": "rax-text ",
      },
      "children": Array [
        "To get started, edit src/components/App.js and save to reload.",
      ],
      "style": Object {
        "webkitLineClamp": undefined,
      },
      "tagName": "SPAN",
    },
  ],
  "tagName": "DIV",
}
`;
