// Jest Snapshot v1, https://goo.gl/fbAQLP

exports[`Storyshots Welcome to Storybook 1`] = `
<View
  style={
    Object {
      "flex": 1,
      "justifyContent": "center",
      "padding": 24,
    }
  }
>
  <Text
    accessible={true}
    allowFontScaling={true}
    ellipsizeMode="tail"
    style={
      Object {
        "fontSize": 18,
        "marginBottom": 18,
      }
    }
  >
    Welcome to React Native Storybook (with Typescript)
  </Text>
  <Text
    accessible={true}
    allowFontScaling={true}
    ellipsizeMode="tail"
    style={
      Object {
        "fontSize": 12,
        "lineHeight": 18,
        "marginBottom": 10,
      }
    }
  >
    This is a UI Component development environment for your React Native app. Here you can display and interact with your UI components as stories. A story is a single state of one or more UI components. You can have as many stories as you want. In other words a story is like a visual test case.
  </Text>
  <Text
    accessible={true}
    allowFontScaling={true}
    ellipsizeMode="tail"
    style={
      Object {
        "fontSize": 12,
        "lineHeight": 18,
        "marginBottom": 10,
      }
    }
  >
    We have added some stories inside the "storybook/stories" directory for examples. Try editing the "storybook/stories/Welcome.js" file to edit this message.
  </Text>
</View>
`;
