// Jest Snapshot v1, https://goo.gl/fbAQLP

exports[`Storyshots Core|Events Force re-render 1`] = `
.emotion-0 {
  padding: 0 10px;
  color: #444;
  background: rgba(0,0,0,0.1);
  border-radius: 4px;
  -webkit-transition: border-bottom-color .3s linear;
  transition: border-bottom-color .3s linear;
  border: 0 solid transparent;
  border-top: 3px solid transparent;
  border-bottom: 3px solid transparent;
  box-sizing: border-box;
  position: relative;
  display: inline;
  text-align: left;
  cursor: pointer;
  -webkit-user-select: none;
  -moz-user-select: none;
  -ms-user-select: none;
  user-select: none;
  min-height: 32px;
  box-sizing: border-box;
}

.emotion-0:focus {
  outline: 0 none;
  border-bottom-color: #1EA7FD;
}

.emotion-0 {
  padding: 0 10px;
  color: #444;
  background: rgba(0,0,0,0.1);
  border-radius: 4px;
  -webkit-transition: border-bottom-color .3s linear;
  transition: border-bottom-color .3s linear;
  border: 0 solid transparent;
  border-top: 3px solid transparent;
  border-bottom: 3px solid transparent;
  box-sizing: border-box;
  position: relative;
  display: inline;
  text-align: left;
  cursor: pointer;
  -webkit-user-select: none;
  -moz-user-select: none;
  -ms-user-select: none;
  user-select: none;
  min-height: 32px;
  box-sizing: border-box;
}

.emotion-0:focus {
  outline: 0 none;
  border-bottom-color: #1EA7FD;
}

<button
  class="emotion-0"
>
  Clicked: 0
</button>
`;

exports[`Storyshots Core|Parameters passed to story 1`] = `
<pre>
  Parameters are {
  "options": {
    "hierarchyRootSeparator": "|",
    "hierarchySeparator": {},
    "name": "Storybook"
  },
  "a11y": {},
  "viewports": {
    "iphone5": {
      "name": "iPhone 5",
      "styles": {
        "height": "568px",
        "width": "320px"
      },
      "type": "mobile"
    },
    "iphone6": {
      "name": "iPhone 6",
      "styles": {
        "height": "667px",
        "width": "375px"
      },
      "type": "mobile"
    },
    "iphone6p": {
      "name": "iPhone 6 Plus",
      "styles": {
        "height": "736px",
        "width": "414px"
      },
      "type": "mobile"
    },
    "iphone8p": {
      "name": "iPhone 8 Plus",
      "styles": {
        "height": "736px",
        "width": "414px"
      },
      "type": "mobile"
    },
    "iphonex": {
      "name": "iPhone X",
      "styles": {
        "height": "812px",
        "width": "375px"
      },
      "type": "mobile"
    },
    "iphonexr": {
      "name": "iPhone XR",
      "styles": {
        "height": "896px",
        "width": "414px"
      },
      "type": "mobile"
    },
    "iphonexsmax": {
      "name": "iPhone Xs Max",
      "styles": {
        "height": "896px",
        "width": "414px"
      },
      "type": "mobile"
    },
    "ipad": {
      "name": "iPad",
      "styles": {
        "height": "1024px",
        "width": "768px"
      },
      "type": "tablet"
    },
    "ipad10p": {
      "name": "iPad Pro 10.5-in",
      "styles": {
        "height": "1112px",
        "width": "834px"
      },
      "type": "tablet"
    },
    "ipad12p": {
      "name": "iPad Pro 12.9-in",
      "styles": {
        "height": "1366px",
        "width": "1024px"
      },
      "type": "tablet"
    },
    "galaxys5": {
      "name": "Galaxy S5",
      "styles": {
        "height": "640px",
        "width": "360px"
      },
      "type": "mobile"
    },
    "galaxys9": {
      "name": "Galaxy S9",
      "styles": {
        "height": "1480px",
        "width": "720px"
      },
      "type": "mobile"
    },
    "nexus5x": {
      "name": "Nexus 5X",
      "styles": {
        "height": "660px",
        "width": "412px"
      },
      "type": "mobile"
    },
    "nexus6p": {
      "name": "Nexus 6P",
      "styles": {
        "height": "732px",
        "width": "412px"
      },
      "type": "mobile"
    },
    "pixel": {
      "name": "Pixel",
      "styles": {
        "height": "960px",
        "width": "540px"
      },
      "type": "mobile"
    },
    "pixelxl": {
      "name": "Pixel XL",
      "styles": {
        "height": "1280px",
        "width": "720px"
      },
      "type": "mobile"
    },
    "kindleFire2": {
      "name": "Kindle Fire 2",
      "styles": {
        "width": "600px",
        "height": "963px"
      },
      "type": "tablet"
    },
    "kindleFireHD": {
      "name": "Kindle Fire HD",
      "styles": {
        "width": "533px",
        "height": "801px"
      },
      "type": "tablet"
    }
  },
  "globalParameter": "globalParameter",
  "chapterParameter": "chapterParameter",
  "storyParameter": "storyParameter",
  "decoratorParameter": "decoratorParameter"
}
</pre>
`;

exports[`Storyshots UI|ShortcutPage default shortcuts 1`] = `
.emotion-148 {
  width: 100%;
  height: 100%;
  box-sizing: border-box;
  display: -webkit-box;
  display: -webkit-flex;
  display: -ms-flexbox;
  display: flex;
  -webkit-flex-direction: column;
  -ms-flex-direction: column;
  flex-direction: column;
}

.emotion-7 {
  display: -webkit-box;
  display: -webkit-flex;
  display: -ms-flexbox;
  display: flex;
  -webkit-box-pack: justify;
  -webkit-justify-content: space-between;
  -ms-flex-pack: justify;
  justify-content: space-between;
  background: rgba(255,255,255,1);
  color: #999999;
  height: 40px;
  position: relative;
  overflow: visible;
  overflow-x: visible;
  overflow-y: visible;
  background: rgba(255,255,255,1) linear-gradient(to bottom,transparent calc(100% - 1px),rgba(0,0,0,0.1) calc(100% - 1px));
}

.emotion-2 {
  display: -webkit-box;
  display: -webkit-flex;
  display: -ms-flexbox;
  display: flex;
  -webkit-flex: 1;
  -ms-flex: 1;
  flex: 1;
}

.emotion-2 > * {
  margin-left: 15px;
}

.emotion-1 {
  white-space: nowrap;
  height: 100%;
  padding-bottom: 50px;
  overflow-x: visisble;
  overflow-y: visisble;
}

.emotion-1:first-child {
  margin-left: 0;
}

.emotion-0 {
  white-space: normal;
  display: -webkit-inline-box;
  display: -webkit-inline-flex;
  display: -ms-inline-flexbox;
  display: inline-flex;
  overflow: hidden;
  vertical-align: top;
  -webkit-box-pack: center;
  -webkit-justify-content: center;
  -ms-flex-pack: center;
  justify-content: center;
  -webkit-align-items: center;
  -webkit-box-align: center;
  -ms-flex-align: center;
  align-items: center;
  text-align: center;
  -webkit-text-decoration: none;
  text-decoration: none;
  padding: 0 15px;
  text-transform: capitalize;
  -webkit-transition: color 0.2s linear,border-bottom-color 0.2s linear;
  transition: color 0.2s linear,border-bottom-color 0.2s linear;
  height: 40px;
  line-height: 12px;
  box-sizing: border-box;
  cursor: pointer;
  background: transparent;
  border: 0 solid transparent;
  border-top: 3px solid transparent;
  border-bottom: 3px solid transparent;
  font-weight: bold;
  color: #1EA7FD;
  border-bottom-color: #1EA7FD;
}

.emotion-0:empty {
  display: none;
}

.emotion-0:focus {
  outline: 0 none;
  border-bottom-color: #1EA7FD;
}

.emotion-6 {
  display: -webkit-box;
  display: -webkit-flex;
  display: -ms-flexbox;
  display: flex;
}

.emotion-6 > * {
  margin-right: 15px;
}

.emotion-5 {
  height: 40px;
  background: none;
  color: inherit;
  padding: 0;
  cursor: pointer;
  border: 0 solid transparent;
  border-top: 3px solid transparent;
  border-bottom: 3px solid transparent;
  -webkit-transition: color 0.2s linear,border-bottom-color 0.2s linear;
  transition: color 0.2s linear,border-bottom-color 0.2s linear;
}

.emotion-5:hover,
.emotion-5:focus {
  outline: 0 none;
  color: #1EA7FD;
}

.emotion-5 > svg {
  width: 15px;
}

.emotion-4 {
  display: block;
}

.emotion-3 {
  fill: currentColor;
}

.emotion-147 {
  display: block;
  position: relative;
  position: relative;
  overflow: auto;
  -webkit-flex: 1;
  -ms-flex: 1;
  flex: 1;
  width: 100%;
}

.emotion-145 {
  padding: 20px;
}

.emotion-10 {
  display: -webkit-box;
  display: -webkit-flex;
  display: -ms-flexbox;
  display: flex;
  max-width: 600px;
  margin: 0 auto;
}

@media screen and (max-width:500px) {
  .emotion-10 {
    display: block;
  }
}

.emotion-9 {
  display: block;
  -webkit-flex: 1;
  -ms-flex: 1;
  flex: 1;
  padding-bottom: 20px;
  margin-bottom: 20px;
  border-bottom: 1px solid rgba(0,0,0,0.1);
}

.emotion-8 {
  font-size: 30px;
  display: inline-block;
  line-height: 40px;
  font-weight: 700;
}

.emotion-143 {
  display: -webkit-box;
  display: -webkit-flex;
  display: -ms-flexbox;
  display: flex;
  -webkit-flex: 1;
  -ms-flex: 1;
  flex: 1;
  padding-top: 20px;
  margin-top: 20px;
  border-top: 1px solid rgba(0,0,0,0.1);
}

.emotion-143 > * {
  margin-left: 20px;
}

.emotion-143 > *:first-child {
  margin-left: 0;
}

.emotion-140 {
  color: inherit;
}

.emotion-139 {
  -webkit-flex-direction: column;
  -ms-flex-direction: column;
  flex-direction: column;
  display: -webkit-box;
  display: -webkit-flex;
  display: -ms-flexbox;
  display: flex;
  max-width: 600px;
  margin: 0 auto;
}

.emotion-138 {
  -webkit-flex: 1;
  -ms-flex: 1;
  flex: 1;
}

.emotion-13 {
  font-size: 16px;
}

.emotion-12 {
  display: -webkit-box;
  display: -webkit-flex;
  display: -ms-flexbox;
  display: flex;
  -webkit-flex-direction: row;
  -ms-flex-direction: row;
  flex-direction: row;
  -webkit-box-pack: justify;
  -webkit-justify-content: space-between;
  -ms-flex-pack: justify;
  justify-content: space-between;
}

.emotion-11 {
  color: #1EA7FD;
  background-color: #1EA7FD;
  font-size: 11px;
  white-space: nowrap;
  border-style: none;
  border-width: 0;
  padding: 5px 14px;
  border-radius: 30px;
  margin: 6px 6px 6px 0;
  -webkit-transition: all .2s ease;
  transition: all .2s ease;
  cursor: pointer;
}

.emotion-11:hover,
.emotion-11:focus {
  background-color: #1EA7FD;
  color: #1EA7FD;
  outline: 0 none;
  cursor: pointer;
}

.emotion-137 {
  display: grid;
  grid-template-columns: 1fr;
  grid-auto-rows: minmax(75px,auto);
}

@media screen and (max-width:500px) {
  .emotion-137 {
    grid-template-columns: 1fr;
  }
}

.emotion-16 {
  -webkit-align-self: flex-end;
  -ms-flex-item-align: end;
  align-self: flex-end;
  display: grid;
  margin: 10px;
  grid-template-columns: 1fr 1fr 10px;
}

.emotion-16 > *:last-of-type {
  grid-column: 2 / 2;
  justify-self: flex-end;
  grid-row: 1;
}

.emotion-14 {
  font-size: 18px;
  font-weight: 500;
}

.emotion-24 {
  padding: 15px 0;
  box-sizing: border-box;
  border-top: 1px solid rgba(0,0,0,0.1);
  display: grid;
  grid-template-columns: 1fr 1fr 10px;
}

.emotion-24 > div:first-child {
  border-top: 0 none;
}

.emotion-24:hover button {
  visibility: visible;
}

.emotion-17 {
  display: -webkit-inline-box;
  display: -webkit-inline-flex;
  display: -ms-inline-flexbox;
  display: inline-flex;
  margin: 0 10px;
  -webkit-align-self: center;
  -ms-flex-item-align: center;
  align-self: center;
  font-size: 16px;
}

.emotion-20 {
  position: relative;
  display: -webkit-box;
  display: -webkit-flex;
  display: -ms-flexbox;
  display: flex;
  width: 100px;
  margin: 0 10px;
  -webkit-flex-direction: column;
  -ms-flex-direction: column;
  flex-direction: column;
  justify-self: flex-end;
}

.emotion-19 {
  height: 100%;
  width: 100%;
}

.emotion-18 {
  border-color: rgba(0,0,0,0.05);
  position: absolute;
  width: 100%;
  height: 100%;
  top: 0;
  box-sizing: border-box;
  border-style: solid;
  padding: 10px;
  background: transparent;
  color: #777;
  font-size: 16px;
  text-align: center;
  -webkit-letter-spacing: 0.3em;
  -moz-letter-spacing: 0.3em;
  -ms-letter-spacing: 0.3em;
  letter-spacing: 0.3em;
  margin: 0 1px;
}

.emotion-18:focus {
  outline: none;
  border-width: 3px;
}

.emotion-23 {
  opacity: 0;
  background: none;
  width: 34px;
  height: 34px;
  -webkit-align-self: flex-end;
  -ms-flex-item-align: end;
  align-self: flex-end;
  display: -webkit-box;
  display: -webkit-flex;
  display: -ms-flexbox;
  display: flex;
  -webkit-box-pack: center;
  -webkit-justify-content: center;
  -ms-flex-pack: center;
  justify-content: center;
  border: 0 none;
  padding: 0;
  justify-self: center;
}

.emotion-148 {
  width: 100%;
  height: 100%;
  box-sizing: border-box;
  display: -webkit-box;
  display: -webkit-flex;
  display: -ms-flexbox;
  display: flex;
  -webkit-flex-direction: column;
  -ms-flex-direction: column;
  flex-direction: column;
}

.emotion-7 {
  display: -webkit-box;
  display: -webkit-flex;
  display: -ms-flexbox;
  display: flex;
  -webkit-box-pack: justify;
  -webkit-justify-content: space-between;
  -ms-flex-pack: justify;
  justify-content: space-between;
  background: rgba(255,255,255,1);
  color: #999999;
  height: 40px;
  position: relative;
  overflow: visible;
  overflow-x: visible;
  overflow-y: visible;
  background: rgba(255,255,255,1) linear-gradient(to bottom,transparent calc(100% - 1px),rgba(0,0,0,0.1) calc(100% - 1px));
}

.emotion-2 {
  display: -webkit-box;
  display: -webkit-flex;
  display: -ms-flexbox;
  display: flex;
  -webkit-flex: 1;
  -ms-flex: 1;
  flex: 1;
}

.emotion-2 > * {
  margin-left: 15px;
}

.emotion-1 {
  white-space: nowrap;
  height: 100%;
  padding-bottom: 50px;
  overflow-x: visisble;
  overflow-y: visisble;
}

.emotion-1:first-child {
  margin-left: 0;
}

.emotion-0 {
  white-space: normal;
  display: -webkit-inline-box;
  display: -webkit-inline-flex;
  display: -ms-inline-flexbox;
  display: inline-flex;
  overflow: hidden;
  vertical-align: top;
  -webkit-box-pack: center;
  -webkit-justify-content: center;
  -ms-flex-pack: center;
  justify-content: center;
  -webkit-align-items: center;
  -webkit-box-align: center;
  -ms-flex-align: center;
  align-items: center;
  text-align: center;
  -webkit-text-decoration: none;
  text-decoration: none;
  padding: 0 15px;
  text-transform: capitalize;
  -webkit-transition: color 0.2s linear,border-bottom-color 0.2s linear;
  transition: color 0.2s linear,border-bottom-color 0.2s linear;
  height: 40px;
  line-height: 12px;
  box-sizing: border-box;
  cursor: pointer;
  background: transparent;
  border: 0 solid transparent;
  border-top: 3px solid transparent;
  border-bottom: 3px solid transparent;
  font-weight: bold;
  color: #1EA7FD;
  border-bottom-color: #1EA7FD;
}

.emotion-0:empty {
  display: none;
}

.emotion-0:focus {
  outline: 0 none;
  border-bottom-color: #1EA7FD;
}

.emotion-6 {
  display: -webkit-box;
  display: -webkit-flex;
  display: -ms-flexbox;
  display: flex;
}

.emotion-6 > * {
  margin-right: 15px;
}

.emotion-5 {
  height: 40px;
  background: none;
  color: inherit;
  padding: 0;
  cursor: pointer;
  border: 0 solid transparent;
  border-top: 3px solid transparent;
  border-bottom: 3px solid transparent;
  -webkit-transition: color 0.2s linear,border-bottom-color 0.2s linear;
  transition: color 0.2s linear,border-bottom-color 0.2s linear;
}

.emotion-5:hover,
.emotion-5:focus {
  outline: 0 none;
  color: #1EA7FD;
}

.emotion-5 > svg {
  width: 15px;
}

.emotion-4 {
  display: block;
}

.emotion-3 {
  fill: currentColor;
}

.emotion-147 {
  display: block;
  position: relative;
  position: relative;
  overflow: auto;
  -webkit-flex: 1;
  -ms-flex: 1;
  flex: 1;
  width: 100%;
}

.emotion-145 {
  padding: 20px;
}

.emotion-10 {
  display: -webkit-box;
  display: -webkit-flex;
  display: -ms-flexbox;
  display: flex;
  max-width: 600px;
  margin: 0 auto;
}

@media screen and (max-width:500px) {
  .emotion-10 {
    display: block;
  }
}

.emotion-9 {
  display: block;
  -webkit-flex: 1;
  -ms-flex: 1;
  flex: 1;
  padding-bottom: 20px;
  margin-bottom: 20px;
  border-bottom: 1px solid rgba(0,0,0,0.1);
}

.emotion-8 {
  font-size: 30px;
  display: inline-block;
  line-height: 40px;
  font-weight: 700;
}

.emotion-143 {
  display: -webkit-box;
  display: -webkit-flex;
  display: -ms-flexbox;
  display: flex;
  -webkit-flex: 1;
  -ms-flex: 1;
  flex: 1;
  padding-top: 20px;
  margin-top: 20px;
  border-top: 1px solid rgba(0,0,0,0.1);
}

.emotion-143 > * {
  margin-left: 20px;
}

.emotion-143 > *:first-child {
  margin-left: 0;
}

.emotion-140 {
  color: inherit;
}

.emotion-139 {
  -webkit-flex-direction: column;
  -ms-flex-direction: column;
  flex-direction: column;
  display: -webkit-box;
  display: -webkit-flex;
  display: -ms-flexbox;
  display: flex;
  max-width: 600px;
  margin: 0 auto;
}

.emotion-138 {
  -webkit-flex: 1;
  -ms-flex: 1;
  flex: 1;
}

.emotion-13 {
  font-size: 16px;
}

.emotion-12 {
  display: -webkit-box;
  display: -webkit-flex;
  display: -ms-flexbox;
  display: flex;
  -webkit-flex-direction: row;
  -ms-flex-direction: row;
  flex-direction: row;
  -webkit-box-pack: justify;
  -webkit-justify-content: space-between;
  -ms-flex-pack: justify;
  justify-content: space-between;
}

.emotion-11 {
  color: #1EA7FD;
  background-color: #1EA7FD;
  font-size: 11px;
  white-space: nowrap;
  border-style: none;
  border-width: 0;
  padding: 5px 14px;
  border-radius: 30px;
  margin: 6px 6px 6px 0;
  -webkit-transition: all .2s ease;
  transition: all .2s ease;
  cursor: pointer;
}

.emotion-11:hover,
.emotion-11:focus {
  background-color: #1EA7FD;
  color: #1EA7FD;
  outline: 0 none;
  cursor: pointer;
}

.emotion-137 {
  display: grid;
  grid-template-columns: 1fr;
  grid-auto-rows: minmax(75px,auto);
}

@media screen and (max-width:500px) {
  .emotion-137 {
    grid-template-columns: 1fr;
  }
}

.emotion-16 {
  -webkit-align-self: flex-end;
  -ms-flex-item-align: end;
  align-self: flex-end;
  display: grid;
  margin: 10px;
  grid-template-columns: 1fr 1fr 10px;
}

.emotion-16 > *:last-of-type {
  grid-column: 2 / 2;
  justify-self: flex-end;
  grid-row: 1;
}

.emotion-14 {
  font-size: 18px;
  font-weight: 500;
}

.emotion-24 {
  padding: 15px 0;
  box-sizing: border-box;
  border-top: 1px solid rgba(0,0,0,0.1);
  display: grid;
  grid-template-columns: 1fr 1fr 10px;
}

.emotion-24 > div:first-child {
  border-top: 0 none;
}

.emotion-24:hover button {
  visibility: visible;
}

.emotion-17 {
  display: -webkit-inline-box;
  display: -webkit-inline-flex;
  display: -ms-inline-flexbox;
  display: inline-flex;
  margin: 0 10px;
  -webkit-align-self: center;
  -ms-flex-item-align: center;
  align-self: center;
  font-size: 16px;
}

.emotion-20 {
  position: relative;
  display: -webkit-box;
  display: -webkit-flex;
  display: -ms-flexbox;
  display: flex;
  width: 100px;
  margin: 0 10px;
  -webkit-flex-direction: column;
  -ms-flex-direction: column;
  flex-direction: column;
  justify-self: flex-end;
}

.emotion-19 {
  height: 100%;
  width: 100%;
}

.emotion-18 {
  border-color: rgba(0,0,0,0.05);
  position: absolute;
  width: 100%;
  height: 100%;
  top: 0;
  box-sizing: border-box;
  border-style: solid;
  padding: 10px;
  background: transparent;
  color: #777;
  font-size: 16px;
  text-align: center;
  -webkit-letter-spacing: 0.3em;
  -moz-letter-spacing: 0.3em;
  -ms-letter-spacing: 0.3em;
  letter-spacing: 0.3em;
  margin: 0 1px;
}

.emotion-18:focus {
  outline: none;
  border-width: 3px;
}

.emotion-23 {
  opacity: 0;
  background: none;
  width: 34px;
  height: 34px;
  -webkit-align-self: flex-end;
  -ms-flex-item-align: end;
  align-self: flex-end;
  display: -webkit-box;
  display: -webkit-flex;
  display: -ms-flexbox;
  display: flex;
  -webkit-box-pack: center;
  -webkit-justify-content: center;
  -ms-flex-pack: center;
  justify-content: center;
  border: 0 none;
  padding: 0;
  justify-self: center;
}

<div
  class="emotion-148"
>
  <div
    class="emotion-7"
  >
    <div
      class="emotion-2"
    >
      <div
        class="emotion-1"
        role="tablist"
      >
        <button
          class="emotion-0"
          role="tab"
          type="button"
        >
          Keyboard Shortcuts
        </button>
      </div>
    </div>
    <div
      class="emotion-6"
    >
      <button
        class="emotion-5"
      >
        <svg
          class="emotion-4"
          height="20px"
          viewBox="0 0 1024 1024"
          width="20px"
        >
          <path
            class="emotion-3"
            d="M693.022 637.866c15.62 15.622 15.618 40.95 0 56.566-15.622 15.622-40.946 15.624-56.562 0.002l-124.46-124.458-124.456 124.458c-15.622 15.622-40.944 15.622-56.562 0-15.624-15.622-15.624-40.946-0.002-56.568l124.454-124.456-124.452-124.45c-15.622-15.622-15.622-40.946 0-56.564 15.62-15.624 40.944-15.624 56.568-0.002l124.45 124.45 124.454-124.452c15.622-15.62 40.95-15.62 56.566 0 15.622 15.62 15.624 40.944 0.002 56.56l-124.456 124.458 124.456 124.456zM828.784 828.784c-174.956 174.956-458.614 174.956-633.566 0-174.958-174.956-174.958-458.614 0-633.566 174.954-174.958 458.612-174.958 633.566 0 174.954 174.952 174.954 458.612 0 633.566zM880 511.998c-0.002-98.296-38.28-190.708-107.786-260.212s-161.92-107.786-260.214-107.788c-98.296 0.002-190.71 38.282-260.216 107.786-69.506 69.508-107.782 161.918-107.786 260.214 0.002 98.296 38.282 190.71 107.786 260.216 69.508 69.506 161.918 107.784 260.216 107.784 98.296 0 190.708-38.278 260.214-107.784s107.784-161.92 107.786-260.216z"
          />
        </svg>
      </button>
    </div>
  </div>
  <div
    class="emotion-147"
  >
    <div
      class="emotion-4"
      role="tabpanel"
    >
      <div
        class="emotion-145"
      >
        <div
          class="emotion-10"
        >
          <header
            class="emotion-9"
          >
            <span
              class="emotion-8"
            >
              Keyboard Shortcuts
            </span>
          </header>
        </div>
        <div
          class="emotion-139"
        >
          <main
            class="emotion-138"
          >
            <h1
              class="emotion-13"
            >
              <div
                class="emotion-12"
              >
                <button
                  class="emotion-11"
                  id="restoreDefaultsHotkeys"
                >
                  Restore Defaults
                </button>
              </div>
            </h1>
            <div
              class="emotion-137"
            >
              <div
                class="emotion-16"
              >
                <div
                  class="emotion-14"
                >
                  Commands
                </div>
                <div
                  class="emotion-14"
                >
                  Shortcut
                </div>
              </div>
              <div
                class="emotion-24"
              >
                <div
                  class="emotion-17"
                >
                  Go full screen
                </div>
                <div
                  class="emotion-20"
                >
                  <div
                    class="emotion-19"
                  >
                    <input
                      class="modalInput emotion-18"
                      readonly=""
                      spellcheck="false"
                      value="F"
                    />
                  </div>
                </div>
                <div
                  class="emotion-23"
                >
                  <svg
                    class="emotion-4"
                    height="20"
                    viewBox="0 0 1024 1024"
                    width="20px"
                  >
                    <path
                      class="emotion-3"
                      d="M948.598 199.75c-15.622-15.618-40.95-15.618-56.57 0l-535.644 535.644-224.060-224.062c-15.624-15.624-40.954-15.62-56.57 0-15.624 15.62-15.624 40.948 0 56.568l251.574 251.574c0.252 0.266 0.472 0.55 0.734 0.812 7.82 7.82 18.072 11.724 28.322 11.714 10.25 0.010 20.502-3.894 28.322-11.714 0.248-0.248 0.456-0.518 0.698-0.77l563.196-563.202c15.618-15.618 15.618-40.94-0.002-56.564z"
                    />
                  </svg>
                </div>
              </div>
              <div
                class="emotion-24"
              >
                <div
                  class="emotion-17"
                >
                  Toggle panel
                </div>
                <div
                  class="emotion-20"
                >
                  <div
                    class="emotion-19"
                  >
                    <input
                      class="modalInput emotion-18"
                      readonly=""
                      spellcheck="false"
                      value="S"
                    />
                  </div>
                </div>
                <div
                  class="emotion-23"
                >
                  <svg
                    class="emotion-4"
                    height="20"
                    viewBox="0 0 1024 1024"
                    width="20px"
                  >
                    <path
                      class="emotion-3"
                      d="M948.598 199.75c-15.622-15.618-40.95-15.618-56.57 0l-535.644 535.644-224.060-224.062c-15.624-15.624-40.954-15.62-56.57 0-15.624 15.62-15.624 40.948 0 56.568l251.574 251.574c0.252 0.266 0.472 0.55 0.734 0.812 7.82 7.82 18.072 11.724 28.322 11.714 10.25 0.010 20.502-3.894 28.322-11.714 0.248-0.248 0.456-0.518 0.698-0.77l563.196-563.202c15.618-15.618 15.618-40.94-0.002-56.564z"
                    />
                  </svg>
                </div>
              </div>
              <div
                class="emotion-24"
              >
                <div
                  class="emotion-17"
                >
                  Toggle panel position
                </div>
                <div
                  class="emotion-20"
                >
                  <div
                    class="emotion-19"
                  >
                    <input
                      class="modalInput emotion-18"
                      readonly=""
                      spellcheck="false"
                      value="D"
                    />
                  </div>
                </div>
                <div
                  class="emotion-23"
                >
                  <svg
                    class="emotion-4"
                    height="20"
                    viewBox="0 0 1024 1024"
                    width="20px"
                  >
                    <path
                      class="emotion-3"
                      d="M948.598 199.75c-15.622-15.618-40.95-15.618-56.57 0l-535.644 535.644-224.060-224.062c-15.624-15.624-40.954-15.62-56.57 0-15.624 15.62-15.624 40.948 0 56.568l251.574 251.574c0.252 0.266 0.472 0.55 0.734 0.812 7.82 7.82 18.072 11.724 28.322 11.714 10.25 0.010 20.502-3.894 28.322-11.714 0.248-0.248 0.456-0.518 0.698-0.77l563.196-563.202c15.618-15.618 15.618-40.94-0.002-56.564z"
                    />
                  </svg>
                </div>
              </div>
              <div
                class="emotion-24"
              >
                <div
                  class="emotion-17"
                >
                  Toggle navigation
                </div>
                <div
                  class="emotion-20"
                >
                  <div
                    class="emotion-19"
                  >
                    <input
                      class="modalInput emotion-18"
                      readonly=""
                      spellcheck="false"
                      value="A"
                    />
                  </div>
                </div>
                <div
                  class="emotion-23"
                >
                  <svg
                    class="emotion-4"
                    height="20"
                    viewBox="0 0 1024 1024"
                    width="20px"
                  >
                    <path
                      class="emotion-3"
                      d="M948.598 199.75c-15.622-15.618-40.95-15.618-56.57 0l-535.644 535.644-224.060-224.062c-15.624-15.624-40.954-15.62-56.57 0-15.624 15.62-15.624 40.948 0 56.568l251.574 251.574c0.252 0.266 0.472 0.55 0.734 0.812 7.82 7.82 18.072 11.724 28.322 11.714 10.25 0.010 20.502-3.894 28.322-11.714 0.248-0.248 0.456-0.518 0.698-0.77l563.196-563.202c15.618-15.618 15.618-40.94-0.002-56.564z"
                    />
                  </svg>
                </div>
              </div>
              <div
                class="emotion-24"
              >
                <div
                  class="emotion-17"
                >
                  Toggle toolbar
                </div>
                <div
                  class="emotion-20"
                >
                  <div
                    class="emotion-19"
                  >
                    <input
                      class="modalInput emotion-18"
                      readonly=""
                      spellcheck="false"
                      value="T"
                    />
                  </div>
                </div>
                <div
                  class="emotion-23"
                >
                  <svg
                    class="emotion-4"
                    height="20"
                    viewBox="0 0 1024 1024"
                    width="20px"
                  >
                    <path
                      class="emotion-3"
                      d="M948.598 199.75c-15.622-15.618-40.95-15.618-56.57 0l-535.644 535.644-224.060-224.062c-15.624-15.624-40.954-15.62-56.57 0-15.624 15.62-15.624 40.948 0 56.568l251.574 251.574c0.252 0.266 0.472 0.55 0.734 0.812 7.82 7.82 18.072 11.724 28.322 11.714 10.25 0.010 20.502-3.894 28.322-11.714 0.248-0.248 0.456-0.518 0.698-0.77l563.196-563.202c15.618-15.618 15.618-40.94-0.002-56.564z"
                    />
                  </svg>
                </div>
              </div>
              <div
                class="emotion-24"
              >
                <div
                  class="emotion-17"
                >
                  Focus search
                </div>
                <div
                  class="emotion-20"
                >
                  <div
                    class="emotion-19"
                  >
                    <input
                      class="modalInput emotion-18"
                      readonly=""
                      spellcheck="false"
                      value="/"
                    />
                  </div>
                </div>
                <div
                  class="emotion-23"
                >
                  <svg
                    class="emotion-4"
                    height="20"
                    viewBox="0 0 1024 1024"
                    width="20px"
                  >
                    <path
                      class="emotion-3"
                      d="M948.598 199.75c-15.622-15.618-40.95-15.618-56.57 0l-535.644 535.644-224.060-224.062c-15.624-15.624-40.954-15.62-56.57 0-15.624 15.62-15.624 40.948 0 56.568l251.574 251.574c0.252 0.266 0.472 0.55 0.734 0.812 7.82 7.82 18.072 11.724 28.322 11.714 10.25 0.010 20.502-3.894 28.322-11.714 0.248-0.248 0.456-0.518 0.698-0.77l563.196-563.202c15.618-15.618 15.618-40.94-0.002-56.564z"
                    />
                  </svg>
                </div>
              </div>
              <div
                class="emotion-24"
              >
                <div
                  class="emotion-17"
                >
                  Focus navigation
                </div>
                <div
                  class="emotion-20"
                >
                  <div
                    class="emotion-19"
                  >
                    <input
                      class="modalInput emotion-18"
                      readonly=""
                      spellcheck="false"
                      value="1"
                    />
                  </div>
                </div>
                <div
                  class="emotion-23"
                >
                  <svg
                    class="emotion-4"
                    height="20"
                    viewBox="0 0 1024 1024"
                    width="20px"
                  >
                    <path
                      class="emotion-3"
                      d="M948.598 199.75c-15.622-15.618-40.95-15.618-56.57 0l-535.644 535.644-224.060-224.062c-15.624-15.624-40.954-15.62-56.57 0-15.624 15.62-15.624 40.948 0 56.568l251.574 251.574c0.252 0.266 0.472 0.55 0.734 0.812 7.82 7.82 18.072 11.724 28.322 11.714 10.25 0.010 20.502-3.894 28.322-11.714 0.248-0.248 0.456-0.518 0.698-0.77l563.196-563.202c15.618-15.618 15.618-40.94-0.002-56.564z"
                    />
                  </svg>
                </div>
              </div>
              <div
                class="emotion-24"
              >
                <div
                  class="emotion-17"
                >
                  Focus iFrame
                </div>
                <div
                  class="emotion-20"
                >
                  <div
                    class="emotion-19"
                  >
                    <input
                      class="modalInput emotion-18"
                      readonly=""
                      spellcheck="false"
                      value="2"
                    />
                  </div>
                </div>
                <div
                  class="emotion-23"
                >
                  <svg
                    class="emotion-4"
                    height="20"
                    viewBox="0 0 1024 1024"
                    width="20px"
                  >
                    <path
                      class="emotion-3"
                      d="M948.598 199.75c-15.622-15.618-40.95-15.618-56.57 0l-535.644 535.644-224.060-224.062c-15.624-15.624-40.954-15.62-56.57 0-15.624 15.62-15.624 40.948 0 56.568l251.574 251.574c0.252 0.266 0.472 0.55 0.734 0.812 7.82 7.82 18.072 11.724 28.322 11.714 10.25 0.010 20.502-3.894 28.322-11.714 0.248-0.248 0.456-0.518 0.698-0.77l563.196-563.202c15.618-15.618 15.618-40.94-0.002-56.564z"
                    />
                  </svg>
                </div>
              </div>
              <div
                class="emotion-24"
              >
                <div
                  class="emotion-17"
                >
                  Focus panel
                </div>
                <div
                  class="emotion-20"
                >
                  <div
                    class="emotion-19"
                  >
                    <input
                      class="modalInput emotion-18"
                      readonly=""
                      spellcheck="false"
                      value="3"
                    />
                  </div>
                </div>
                <div
                  class="emotion-23"
                >
                  <svg
                    class="emotion-4"
                    height="20"
                    viewBox="0 0 1024 1024"
                    width="20px"
                  >
                    <path
                      class="emotion-3"
                      d="M948.598 199.75c-15.622-15.618-40.95-15.618-56.57 0l-535.644 535.644-224.060-224.062c-15.624-15.624-40.954-15.62-56.57 0-15.624 15.62-15.624 40.948 0 56.568l251.574 251.574c0.252 0.266 0.472 0.55 0.734 0.812 7.82 7.82 18.072 11.724 28.322 11.714 10.25 0.010 20.502-3.894 28.322-11.714 0.248-0.248 0.456-0.518 0.698-0.77l563.196-563.202c15.618-15.618 15.618-40.94-0.002-56.564z"
                    />
                  </svg>
                </div>
              </div>
              <div
                class="emotion-24"
              >
                <div
                  class="emotion-17"
                >
                  Previous component
                </div>
                <div
                  class="emotion-20"
                >
                  <div
                    class="emotion-19"
                  >
                    <input
                      class="modalInput emotion-18"
                      readonly=""
                      spellcheck="false"
                      value="alt ↑"
                    />
                  </div>
                </div>
                <div
                  class="emotion-23"
                >
                  <svg
                    class="emotion-4"
                    height="20"
                    viewBox="0 0 1024 1024"
                    width="20px"
                  >
                    <path
                      class="emotion-3"
                      d="M948.598 199.75c-15.622-15.618-40.95-15.618-56.57 0l-535.644 535.644-224.060-224.062c-15.624-15.624-40.954-15.62-56.57 0-15.624 15.62-15.624 40.948 0 56.568l251.574 251.574c0.252 0.266 0.472 0.55 0.734 0.812 7.82 7.82 18.072 11.724 28.322 11.714 10.25 0.010 20.502-3.894 28.322-11.714 0.248-0.248 0.456-0.518 0.698-0.77l563.196-563.202c15.618-15.618 15.618-40.94-0.002-56.564z"
                    />
                  </svg>
                </div>
              </div>
              <div
                class="emotion-24"
              >
                <div
                  class="emotion-17"
                >
                  Next component
                </div>
                <div
                  class="emotion-20"
                >
                  <div
                    class="emotion-19"
                  >
                    <input
                      class="modalInput emotion-18"
                      readonly=""
                      spellcheck="false"
                      value="alt ↓"
                    />
                  </div>
                </div>
                <div
                  class="emotion-23"
                >
                  <svg
                    class="emotion-4"
                    height="20"
                    viewBox="0 0 1024 1024"
                    width="20px"
                  >
                    <path
                      class="emotion-3"
                      d="M948.598 199.75c-15.622-15.618-40.95-15.618-56.57 0l-535.644 535.644-224.060-224.062c-15.624-15.624-40.954-15.62-56.57 0-15.624 15.62-15.624 40.948 0 56.568l251.574 251.574c0.252 0.266 0.472 0.55 0.734 0.812 7.82 7.82 18.072 11.724 28.322 11.714 10.25 0.010 20.502-3.894 28.322-11.714 0.248-0.248 0.456-0.518 0.698-0.77l563.196-563.202c15.618-15.618 15.618-40.94-0.002-56.564z"
                    />
                  </svg>
                </div>
              </div>
              <div
                class="emotion-24"
              >
                <div
                  class="emotion-17"
                >
                  Previous story
                </div>
                <div
                  class="emotion-20"
                >
                  <div
                    class="emotion-19"
                  >
                    <input
                      class="modalInput emotion-18"
                      readonly=""
                      spellcheck="false"
                      value="alt ←"
                    />
                  </div>
                </div>
                <div
                  class="emotion-23"
                >
                  <svg
                    class="emotion-4"
                    height="20"
                    viewBox="0 0 1024 1024"
                    width="20px"
                  >
                    <path
                      class="emotion-3"
                      d="M948.598 199.75c-15.622-15.618-40.95-15.618-56.57 0l-535.644 535.644-224.060-224.062c-15.624-15.624-40.954-15.62-56.57 0-15.624 15.62-15.624 40.948 0 56.568l251.574 251.574c0.252 0.266 0.472 0.55 0.734 0.812 7.82 7.82 18.072 11.724 28.322 11.714 10.25 0.010 20.502-3.894 28.322-11.714 0.248-0.248 0.456-0.518 0.698-0.77l563.196-563.202c15.618-15.618 15.618-40.94-0.002-56.564z"
                    />
                  </svg>
                </div>
              </div>
              <div
                class="emotion-24"
              >
                <div
                  class="emotion-17"
                >
                  Next story
                </div>
                <div
                  class="emotion-20"
                >
                  <div
                    class="emotion-19"
                  >
                    <input
                      class="modalInput emotion-18"
                      readonly=""
                      spellcheck="false"
                      value="alt →"
                    />
                  </div>
                </div>
                <div
                  class="emotion-23"
                >
                  <svg
                    class="emotion-4"
                    height="20"
                    viewBox="0 0 1024 1024"
                    width="20px"
                  >
                    <path
                      class="emotion-3"
                      d="M948.598 199.75c-15.622-15.618-40.95-15.618-56.57 0l-535.644 535.644-224.060-224.062c-15.624-15.624-40.954-15.62-56.57 0-15.624 15.62-15.624 40.948 0 56.568l251.574 251.574c0.252 0.266 0.472 0.55 0.734 0.812 7.82 7.82 18.072 11.724 28.322 11.714 10.25 0.010 20.502-3.894 28.322-11.714 0.248-0.248 0.456-0.518 0.698-0.77l563.196-563.202c15.618-15.618 15.618-40.94-0.002-56.564z"
                    />
                  </svg>
                </div>
              </div>
              <div
                class="emotion-24"
              >
                <div
                  class="emotion-17"
                >
                  Go to shortcuts page
                </div>
                <div
                  class="emotion-20"
                >
                  <div
                    class="emotion-19"
                  >
                    <input
                      class="modalInput emotion-18"
                      readonly=""
                      spellcheck="false"
                      value="⌃ ⇧​ ,"
                    />
                  </div>
                </div>
                <div
                  class="emotion-23"
                >
                  <svg
                    class="emotion-4"
                    height="20"
                    viewBox="0 0 1024 1024"
                    width="20px"
                  >
                    <path
                      class="emotion-3"
                      d="M948.598 199.75c-15.622-15.618-40.95-15.618-56.57 0l-535.644 535.644-224.060-224.062c-15.624-15.624-40.954-15.62-56.57 0-15.624 15.62-15.624 40.948 0 56.568l251.574 251.574c0.252 0.266 0.472 0.55 0.734 0.812 7.82 7.82 18.072 11.724 28.322 11.714 10.25 0.010 20.502-3.894 28.322-11.714 0.248-0.248 0.456-0.518 0.698-0.77l563.196-563.202c15.618-15.618 15.618-40.94-0.002-56.564z"
                    />
                  </svg>
                </div>
              </div>
              <div
                class="emotion-24"
              >
                <div
                  class="emotion-17"
                >
                  Go to about page
                </div>
                <div
                  class="emotion-20"
                >
                  <div
                    class="emotion-19"
                  >
                    <input
                      class="modalInput emotion-18"
                      readonly=""
                      spellcheck="false"
                      value=","
                    />
                  </div>
                </div>
                <div
                  class="emotion-23"
                >
                  <svg
                    class="emotion-4"
                    height="20"
                    viewBox="0 0 1024 1024"
                    width="20px"
                  >
                    <path
                      class="emotion-3"
                      d="M948.598 199.75c-15.622-15.618-40.95-15.618-56.57 0l-535.644 535.644-224.060-224.062c-15.624-15.624-40.954-15.62-56.57 0-15.624 15.62-15.624 40.948 0 56.568l251.574 251.574c0.252 0.266 0.472 0.55 0.734 0.812 7.82 7.82 18.072 11.724 28.322 11.714 10.25 0.010 20.502-3.894 28.322-11.714 0.248-0.248 0.456-0.518 0.698-0.77l563.196-563.202c15.618-15.618 15.618-40.94-0.002-56.564z"
                    />
                  </svg>
                </div>
              </div>
            </div>
          </main>
        </div>
        <div
          class="emotion-10"
        >
          <div
            class="emotion-143"
          >
            <a
              class="emotion-140"
              href="https://storybook.js.org"
              rel="noopener noreferrer"
              target="_blank"
            >
              Storybook docs
            </a>
            <a
              class="emotion-140"
              href="https://github.com/storybooks/storybook"
              rel="noopener noreferrer"
              target="_blank"
            >
              GitHub
            </a>
            <a
              class="emotion-140"
              href="https://storybook.js.org/support"
              rel="noopener noreferrer"
              target="_blank"
            >
              Support
            </a>
          </div>
        </div>
      </div>
    </div>
  </div>
</div>
`;
