// Jest Snapshot v1, https://goo.gl/fbAQLP

exports[`PropTable multiLineText should exclude excluded propTypes 1`] = `
<small>
  No propTypes defined!
</small>
`;

exports[`PropTable multiLineText should have 2 br tags for 3 lines of text 1`] = `
Array [
  <span>
     
    foo 
  </span>,
  <span>
    <br />
     
     bar 
  </span>,
  <span>
    <br />
     
     baz
  </span>,
]
`;

exports[`PropTable multiLineText should include all propTypes by default 1`] = `
<ForwardRef>
  <thead>
    <tr>
      <ForwardRef
        bordered={true}
      >
        property
      </ForwardRef>
      <ForwardRef
        bordered={true}
      >
        propType
      </ForwardRef>
      <ForwardRef
        bordered={true}
      >
        required
      </ForwardRef>
      <ForwardRef
        bordered={true}
      >
        default
      </ForwardRef>
      <ForwardRef
        bordered={true}
      >
        description
      </ForwardRef>
    </tr>
  </thead>
  <tbody>
    <tr
      key="foo"
    >
      <ForwardRef
        bordered={true}
        code={true}
      >
        foo
      </ForwardRef>
      <ForwardRef
        bordered={true}
        code={true}
      >
        <PrettyPropType
          depth={1}
          propType={
            Object {
              "name": "string",
            }
          }
        />
      </ForwardRef>
      <ForwardRef
        bordered={true}
      >
        -
      </ForwardRef>
      <ForwardRef
        bordered={true}
      >
        -
      </ForwardRef>
      <ForwardRef
        bordered={true}
      />
    </tr>
  </tbody>
</ForwardRef>
`;
