// Jest Snapshot v1, https://goo.gl/fbAQLP

exports[`PropTable multiLineText should exclude excluded propTypes 1`] = `
<PropTable
  excludedPropTypes={
    Array [
      "foo",
    ]
  }
  maxPropArrayLength={5}
  maxPropObjectKeys={5}
  maxPropStringLength={5}
  propDefinitions={
    Array [
      Object {
        "defaultValue": undefined,
        "description": "",
        "propType": Object {
          "name": "string",
        },
        "property": "foo",
        "required": false,
      },
    ]
  }
  type={[Function]}
>
  <small>
    No propTypes defined!
  </small>
</PropTable>
`;

exports[`PropTable multiLineText should have 2 br tags for 3 lines of text 1`] = `
Array [
  <span>
     
    foo 
  </span>,
  <span>
    <br />
     
     bar 
  </span>,
  <span>
    <br />
     
     baz
  </span>,
]
`;

exports[`PropTable multiLineText should include all propTypes by default 1`] = `
.css-0,
[data-css-0] {
  border-collapse: collapse;
}

.css-1,
[data-css-1] {
  padding: 2px 6px;
  border: 1px solid #ccc;
}

.css-2,
[data-css-2] {
  padding: 2px 6px;
  border: 1px solid #ccc;
  white-space: nowrap;
  font-family: Monaco, Consolas, "Courier New", monospace;
}

<PropTable
  excludedPropTypes={Array []}
  maxPropArrayLength={5}
  maxPropObjectKeys={5}
  maxPropStringLength={5}
  propDefinitions={
    Array [
      Object {
        "defaultValue": undefined,
        "description": "",
        "propType": Object {
          "name": "string",
        },
        "property": "foo",
        "required": false,
      },
    ]
  }
  type={[Function]}
>
  <table>
    <table
      className="css-0"
    >
      <thead>
        <tr>
          <cell__th
            bordered={true}
          >
            <th
              className="css-1"
            >
              property
            </th>
          </cell__th>
          <cell__th
            bordered={true}
          >
            <th
              className="css-1"
            >
              propType
            </th>
          </cell__th>
          <cell__th
            bordered={true}
          >
            <th
              className="css-1"
            >
              required
            </th>
          </cell__th>
          <cell__th
            bordered={true}
          >
            <th
              className="css-1"
            >
              default
            </th>
          </cell__th>
          <cell__th
            bordered={true}
          >
            <th
              className="css-1"
            >
              description
            </th>
          </cell__th>
        </tr>
      </thead>
      <tbody>
        <tr
          key="foo"
        >
          <cell__td
            bordered={true}
            code={true}
          >
            <td
              className="css-2"
            >
              foo
            </td>
          </cell__td>
          <cell__td
            bordered={true}
            code={true}
          >
            <td
              className="css-2"
            >
              <PrettyPropType
                depth={1}
                propType={
                  Object {
                    "name": "string",
                  }
                }
              >
                <span>
                  string
                </span>
              </PrettyPropType>
            </td>
          </cell__td>
          <cell__td
            bordered={true}
          >
            <td
              className="css-1"
            >
              -
            </td>
          </cell__td>
          <cell__td
            bordered={true}
          >
            <td
              className="css-1"
            >
              -
            </td>
          </cell__td>
          <cell__td
            bordered={true}
          >
            <td
              className="css-1"
            />
          </cell__td>
        </tr>
      </tbody>
    </table>
  </table>
</PropTable>
`;
